[preview.colorlib.com/theme/marco/index.html]
[preview.colorlib.com/theme/marco/img/fav.png]
[backblue.gif]
[fade.gif]
[index.html]
[preview.colorlib.com/theme/marco/css/linearicons.css]
[preview.colorlib.com/theme/marco/css/font-awesome.min.css]
[preview.colorlib.com/theme/marco/css/bootstrap.css]
[preview.colorlib.com/theme/marco/css/magnific-popup.css]
[preview.colorlib.com/theme/marco/css/jquery-ui.css]
[preview.colorlib.com/theme/marco/css/nice-select.css]
[preview.colorlib.com/theme/marco/css/animate.min.css]
[preview.colorlib.com/theme/marco/css/owl.carousel.css]
[preview.colorlib.com/theme/marco/css/main.css]
[preview.colorlib.com/theme/marco/img/logo.png]
[preview.colorlib.com/theme/marco/about.html]
[preview.colorlib.com/theme/marco/menu.html]
[preview.colorlib.com/theme/marco/gallery.html]
[preview.colorlib.com/theme/marco/blog-home.html]
[preview.colorlib.com/theme/marco/blog-single.html]
[preview.colorlib.com/theme/marco/elements.html]
[preview.colorlib.com/theme/marco/contact.html]
[preview.colorlib.com/theme/marco/img/about-img.jpg]
[preview.colorlib.com/theme/marco/img/g1.jpg]
[preview.colorlib.com/theme/marco/img/g2.jpg]
[preview.colorlib.com/theme/marco/img/g3.jpg]
[preview.colorlib.com/theme/marco/img/g4.jpg]
[preview.colorlib.com/theme/marco/img/g5.jpg]
[preview.colorlib.com/theme/marco/img/g6.jpg]
[preview.colorlib.com/theme/marco/img/user.png]
[preview.colorlib.com/theme/marco/img/b1.jpg]
[preview.colorlib.com/theme/marco/img/b2.jpg]
[preview.colorlib.com/theme/marco/img/b3.jpg]
[preview.colorlib.com/theme/marco/img/b4.jpg]
[preview.colorlib.com/theme/marco/js/vendor/jquery-2.2.4.min.js]
[preview.colorlib.com/theme/marco/js/popper.min.js]
[preview.colorlib.com/theme/marco/js/vendor/bootstrap.min.js]
[preview.colorlib.com/theme/marco/js/jquery-ui.js]
[preview.colorlib.com/theme/marco/js/easing.min.js]
[preview.colorlib.com/theme/marco/js/hoverIntent.js]
[preview.colorlib.com/theme/marco/js/superfish.min.js]
[preview.colorlib.com/theme/marco/js/jquery.ajaxchimp.min.js]
[preview.colorlib.com/theme/marco/js/jquery.magnific-popup.min.js]
[preview.colorlib.com/theme/marco/js/jquery.nice-select.min.js]
[preview.colorlib.com/theme/marco/js/owl.carousel.min.js]
[preview.colorlib.com/theme/marco/js/isotope.pkgd.min.js]
[preview.colorlib.com/theme/marco/js/mail-script.js]
[preview.colorlib.com/theme/marco/index.html]
[preview.colorlib.com/theme/marco/img/fav.html]
[preview.colorlib.com/theme/marco/js/main.js]
[preview.colorlib.com/theme/marco/fonts/Linearicons-Free54e9.eot]
[preview.colorlib.com/theme/marco/fonts/Linearicons-Freed41d.eot]
[preview.colorlib.com/theme/marco/fonts/Linearicons-Free54e9.woff2]
[preview.colorlib.com/theme/marco/fonts/Linearicons-Free54e9.woff]
[preview.colorlib.com/theme/marco/fonts/Linearicons-Free54e9.ttf]
[preview.colorlib.com/theme/marco/css/linearicons.css]
[preview.colorlib.com/theme/marco/fonts/Linearicons-Free54e9.svg]
[preview.colorlib.com/theme/marco/fonts/fontawesome-webfont3e6e.eot]
[preview.colorlib.com/theme/marco/fonts/fontawesome-webfontd41d.eot]
[preview.colorlib.com/theme/marco/fonts/fontawesome-webfont3e6e.woff2]
[preview.colorlib.com/theme/marco/fonts/fontawesome-webfont3e6e.woff]
[preview.colorlib.com/theme/marco/fonts/fontawesome-webfont3e6e.ttf]
[preview.colorlib.com/theme/marco/css/font-awesome.min.css]
[preview.colorlib.com/theme/marco/css/bootstrap.css]
[preview.colorlib.com/theme/marco/css/magnific-popup.css]
[preview.colorlib.com/theme/marco/fonts/fontawesome-webfont3e6e.svg]
[preview.colorlib.com/theme/marco/img/ui-icons_444444_256x240.png]
[preview.colorlib.com/theme/marco/img/ui-icons_555555_256x240.png]
[preview.colorlib.com/theme/marco/img/ui-icons_ffffff_256x240.png]
[preview.colorlib.com/theme/marco/img/ui-icons_777620_256x240.png]
[preview.colorlib.com/theme/marco/img/ui-icons_777777_256x240.png]
[preview.colorlib.com/theme/marco/css/jquery-ui.css]
[preview.colorlib.com/theme/marco/css/nice-select.css]
[preview.colorlib.com/theme/marco/css/animate.min.css]
[preview.colorlib.com/theme/marco/css/owl.video.play.png]
[preview.colorlib.com/theme/marco/css/owl.carousel.css]
[preview.colorlib.com/theme/marco/img/elements/primary-check.png]
[preview.colorlib.com/theme/marco/img/elements/success-check.png]
[preview.colorlib.com/theme/marco/img/elements/disabled-check.png]
[preview.colorlib.com/theme/marco/img/elements/primary-radio.png]
[preview.colorlib.com/theme/marco/img/elements/success-radio.png]
[preview.colorlib.com/theme/marco/img/elements/disabled-radio.png]
[preview.colorlib.com/theme/marco/img/hero-bg.jpg]
[preview.colorlib.com/theme/marco/img/reservation-bg.jpg]
[preview.colorlib.com/theme/marco/img/review-bg.jpg]
[preview.colorlib.com/theme/marco/img/top-banner.jpg]
[preview.colorlib.com/theme/marco/img/blog/blog-home-banner.jpg]
[preview.colorlib.com/theme/marco/css/main.css]
[preview.colorlib.com/cdn-cgi/zaraz/sd0d9.js]
[preview.colorlib.com/theme/marco/img/about/s1.jpg]
[preview.colorlib.com/theme/marco/img/about/s2.jpg]
[preview.colorlib.com/theme/marco/img/about/s3.jpg]
[preview.colorlib.com/theme/marco/about.html]
[preview.colorlib.com/theme/marco/menu.html]
[preview.colorlib.com/theme/marco/gallery.html]
[preview.colorlib.com/theme/marco/img/blog/cat-widget1.jpg]
[preview.colorlib.com/theme/marco/img/blog/cat-widget2.jpg]
[preview.colorlib.com/theme/marco/img/blog/cat-widget3.jpg]
[preview.colorlib.com/theme/marco/img/blog/feature-img1.jpg]
[preview.colorlib.com/theme/marco/img/blog/feature-img2.jpg]
[preview.colorlib.com/theme/marco/img/blog/feature-img3.jpg]
[preview.colorlib.com/theme/marco/img/blog/feature-img4.jpg]
[preview.colorlib.com/theme/marco/img/blog/feature-img5.jpg]
[preview.colorlib.com/theme/marco/img/blog/user-info.png]
[preview.colorlib.com/theme/marco/img/blog/pp1.jpg]
[preview.colorlib.com/theme/marco/img/blog/pp2.jpg]
[preview.colorlib.com/theme/marco/img/blog/pp3.jpg]
[preview.colorlib.com/theme/marco/img/blog/pp4.jpg]
[preview.colorlib.com/theme/marco/img/blog/ads-banner.jpg]
[preview.colorlib.com/theme/marco/blog-home.html]
[preview.colorlib.com/theme/marco/img/blog/post-img1.jpg]
[preview.colorlib.com/theme/marco/img/blog/post-img2.jpg]
[preview.colorlib.com/theme/marco/img/blog/prev.jpg]
[preview.colorlib.com/theme/marco/img/blog/next.jpg]
[preview.colorlib.com/theme/marco/img/blog/c1.jpg]
[preview.colorlib.com/theme/marco/img/blog/c2.jpg]
[preview.colorlib.com/theme/marco/img/blog/c3.jpg]
[preview.colorlib.com/theme/marco/img/blog/c4.jpg]
[preview.colorlib.com/theme/marco/img/blog/c5.jpg]
[preview.colorlib.com/theme/marco/blog-single.html]
[preview.colorlib.com/theme/marco/img/elements/d.jpg]
[preview.colorlib.com/theme/marco/img/elements/f1.jpg]
[preview.colorlib.com/theme/marco/img/elements/f2.jpg]
[preview.colorlib.com/theme/marco/img/elements/f3.jpg]
[preview.colorlib.com/theme/marco/img/elements/f4.jpg]
[preview.colorlib.com/theme/marco/img/elements/f5.jpg]
[preview.colorlib.com/theme/marco/img/elements/f6.jpg]
[preview.colorlib.com/theme/marco/img/elements/f7.jpg]
[preview.colorlib.com/theme/marco/img/elements/f8.jpg]
[preview.colorlib.com/theme/marco/img/elements/g1.jpg]
[preview.colorlib.com/theme/marco/img/elements/g2.jpg]
[preview.colorlib.com/theme/marco/img/elements/g3.jpg]
[preview.colorlib.com/theme/marco/img/elements/g4.jpg]
[preview.colorlib.com/theme/marco/img/elements/g5.jpg]
[preview.colorlib.com/theme/marco/img/elements/g6.jpg]
[preview.colorlib.com/theme/marco/img/elements/g7.jpg]
[preview.colorlib.com/theme/marco/img/elements/g8.jpg]
[preview.colorlib.com/theme/marco/elements.html]
[preview.colorlib.com/theme/marco/contact.html]
[preview.colorlib.com/theme/marco/fonts/Linearicons-Free54e9.svg]
[preview.colorlib.com/cdn-cgi/scripts/5c5dd728/cloudflare-static/email-decode.min.js]
[preview.colorlib.com/theme/marco/fonts/fontawesome-webfont3e6e.svg]
[preview.colorlib.com/theme/marco/img/ui-icons_444444_256x240.html]
[preview.colorlib.com/theme/marco/img/ui-icons_555555_256x240.html]
[preview.colorlib.com/theme/marco/img/ui-icons_ffffff_256x240.html]
[preview.colorlib.com/theme/marco/img/ui-icons_777620_256x240.html]
[preview.colorlib.com/theme/marco/img/ui-icons_777777_256x240.html]
[preview.colorlib.com/theme/marco/css/owl.video.play.html]
